<NatDS.NatButton; baseClass = UIButton; frame = (0 0; 75.5 40); opaque = NO; layer = <CALayer>>
   | <UIButtonLabel; frame = (4 11.5; 39.5 17); text = 'STUB'; opaque = NO; userInteractionEnabled = NO; layer = <_UILabelLayer>>
   | <NatDS.IconView; frame = (47.5 8; 24 24); tintColor = UIExtendedSRGBColorSpace 0.2 0.2 0.2 1; layer = <CALayer>>
   |    | <UILabel; frame = (0 0; 24 24); userInteractionEnabled = NO; layer = <_UILabelLayer>>
   |    | <UIImageView; frame = (0 0; 24 24); opaque = NO; userInteractionEnabled = NO; tintColor = UIExtendedSRGBColorSpace 0.2 0.2 0.2 1; layer = <CALayer>>