<NatDS.NatIconButton; frame = (0 0; 40 40); gestureRecognizers = <NSArray>; layer = <CALayer>>
   | <NatDS.IconView; frame = (8 8; 24 24); tintColor = UIExtendedSRGBColorSpace 0.956863 0.670588 0.203922 1; layer = <CALayer>>
   |    | <UILabel; frame = (0 0; 24 24); userInteractionEnabled = NO; layer = <_UILabelLayer>>
   |    | <UIImageView; frame = (0 0; 24 24); opaque = NO; userInteractionEnabled = NO; tintColor = UIExtendedSRGBColorSpace 0.956863 0.670588 0.203922 1; layer = <CALayer>>
   | <NatDS.NatBadge; frame = (18.5 0; 21.5 14.5); layer = <CALayer>>
   |    | <UILabel; frame = (4 0; 13.5 14.5); text = '10'; userInteractionEnabled = NO; layer = <_UILabelLayer>>