<NatDS.NatIconButton; frame = (0 0; 40 40); layer = <CALayer>>
   | <NatDS.IconView; frame = (8 8; 24 24); tintColor = UIExtendedSRGBColorSpace 0.2 0.2 0.2 1; layer = <CALayer>>
   |    | <UILabel; frame = (0 0; 24 24); text = 'î©¾'; userInteractionEnabled = NO; layer = <_UILabelLayer>>
   | <NatDS.PulseContainerLayer> (layer)
   |    | <NatDS.PulseLayer> (layer)