<NatDS.NatIconButton; frame = (0 0; 40 40); gestureRecognizers = <NSArray>; layer = <CALayer>>
   | <NatDS.PulseLayer> (layer)
   |    | <CAShapeLayer> (layer)
   | <NatDS.IconView; frame = (8 8; 24 24); tintColor = UIExtendedSRGBColorSpace 0.956863 0.670588 0.203922 1; layer = <CALayer>>
   |    | <UILabel; frame = (0 0; 24 24); text = 'îª–'; userInteractionEnabled = NO; layer = <_UILabelLayer>>