<NatDS.NatIconButton; frame = (0 0; 32 32); gestureRecognizers = <NSArray>; layer = <CALayer>>
   | <NatDS.IconView; frame = (4 4; 24 24); tintColor = UIExtendedSRGBColorSpace 0.956863 0.670588 0.203922 1; layer = <CALayer>>
   |    | <UILabel; frame = (0 0; 24 24); userInteractionEnabled = NO; layer = <_UILabelLayer>>
   |    | <UIImageView; frame = (0 0; 24 24); opaque = NO; userInteractionEnabled = NO; tintColor = UIExtendedSRGBColorSpace 0.956863 0.670588 0.203922 1; layer = <CALayer>>